2026-07-30 13:00:22,476 | INFO | Prediction request received | Student=101
2026-07-30 13:00:23,703 | INFO | Prediction completed | Sentiment=POSITIVE | Confidence=96.62
2026-07-30 13:20:19,092 | INFO | Prediction request received | Student=101
2026-07-30 13:20:20,239 | INFO | Prediction completed | Sentiment=POSITIVE | Confidence=96.62
2026-07-30 13:26:25,614 | INFO | Prediction request received | Student=1
2026-07-30 13:26:26,965 | INFO | Prediction completed | Sentiment=POSITIVE | Confidence=87.73
2026-07-30 13:28:00,233 | INFO | Prediction request received | Student=1
2026-07-30 13:28:00,477 | INFO | Prediction completed | Sentiment=NEGATIVE | Confidence=83.41
2026-07-30 13:55:10,683 | INFO | Prediction request received | Student=101
2026-07-30 13:55:11,944 | INFO | Prediction completed | Sentiment=POSITIVE | Confidence=96.62
2026-07-30 13:55:39,305 | INFO | Prediction request received | Student=101
2026-07-30 13:55:39,410 | INFO | Prediction completed | Sentiment=POSITIVE | Confidence=96.62
2026-07-30 16:55:46,975 | INFO | Incoming Request: GET /docs
2026-07-30 16:55:47,028 | INFO | Completed Request: GET /docs Status=200 Time=0.0575s
2026-07-30 16:55:48,551 | INFO | Incoming Request: GET /openapi.json
2026-07-30 16:55:50,608 | INFO | Completed Request: GET /openapi.json Status=200 Time=2.0571s
2026-07-30 16:56:08,857 | INFO | Incoming Request: GET /docs
2026-07-30 16:56:08,867 | INFO | Completed Request: GET /docs Status=200 Time=0.0187s
2026-07-30 16:56:09,353 | INFO | Incoming Request: GET /openapi.json
2026-07-30 16:56:09,356 | INFO | Completed Request: GET /openapi.json Status=200 Time=0.003s
2026-07-30 18:55:21,692 | INFO | Incoming Request: GET /docs
2026-07-30 18:55:21,736 | INFO | Completed Request: GET /docs Status=200 Time=0.0588s
2026-07-30 18:55:24,208 | INFO | Incoming Request: GET /openapi.json
2026-07-30 18:55:25,912 | INFO | Completed Request: GET /openapi.json Status=200 Time=1.7044s
2026-07-30 18:55:33,001 | INFO | Incoming Request: GET /
2026-07-30 18:55:33,620 | INFO | Completed Request: GET / Status=200 Time=0.6183s
2026-07-30 18:55:51,908 | INFO | Incoming Request: GET /health
2026-07-30 18:55:51,912 | INFO | Completed Request: GET /health Status=200 Time=0.006s
2026-07-31 20:24:20,323 | INFO | Incoming Request: GET /docs
2026-07-31 20:24:20,331 | INFO | Completed Request: GET /docs Status=200 Time=0.008s
2026-07-31 20:24:22,062 | INFO | Incoming Request: GET /openapi.json
2026-07-31 20:24:22,286 | INFO | Completed Request: GET /openapi.json Status=200 Time=0.2239s
2026-07-31 20:24:39,757 | INFO | Incoming Request: GET /health
2026-07-31 20:24:39,821 | INFO | Completed Request: GET /health Status=200 Time=0.064s
2026-08-01 15:14:05,307 | INFO | Incoming Request: GET /docs
2026-08-01 15:14:05,355 | INFO | Completed Request: GET /docs Status=200 Time=0.0588s
2026-08-01 15:14:07,343 | INFO | Incoming Request: GET /openapi.json
2026-08-01 15:14:08,668 | INFO | Completed Request: GET /openapi.json Status=200 Time=1.324s
2026-08-01 15:14:14,952 | INFO | Incoming Request: GET /health
2026-08-01 15:14:15,195 | INFO | Completed Request: GET /health Status=200 Time=0.2429s
2026-08-01 15:14:34,560 | INFO | Incoming Request: GET /sentiment/
2026-08-01 15:14:34,569 | INFO | Completed Request: GET /sentiment/ Status=200 Time=0.009s
2026-08-01 15:14:45,085 | INFO | Incoming Request: GET /sentiment/health
2026-08-01 15:14:45,205 | INFO | Completed Request: GET /sentiment/health Status=200 Time=0.1199s
2026-08-01 15:15:01,613 | INFO | Incoming Request: POST /sentiment/predict-sentiment
2026-08-01 15:15:01,666 | INFO | Prediction request received | Student=101
2026-08-01 15:15:04,333 | INFO | Prediction completed | Sentiment=POSITIVE | Confidence=96.62
2026-08-01 15:15:04,335 | INFO | Completed Request: POST /sentiment/predict-sentiment Status=200 Time=2.7216s
2026-08-01 15:15:53,410 | INFO | Incoming Request: POST /sentiment/batch-predict
2026-08-01 15:15:53,455 | INFO | Prediction request received | Student=101
2026-08-01 15:15:55,969 | INFO | Prediction completed | Sentiment=POSITIVE | Confidence=96.62
2026-08-01 15:15:55,980 | INFO | Completed Request: POST /sentiment/batch-predict Status=200 Time=2.5725s
2026-08-01 15:16:40,130 | INFO | Incoming Request: POST /sentiment/batch-predict
2026-08-01 15:16:40,220 | INFO | Prediction request received | Student=101
2026-08-01 15:16:42,948 | INFO | Prediction completed | Sentiment=NEGATIVE | Confidence=87.73
2026-08-01 15:16:42,953 | INFO | Completed Request: POST /sentiment/batch-predict Status=200 Time=2.8247s
2026-08-01 16:09:21,899 | INFO | Incoming Request: GET /health
2026-08-01 16:09:22,149 | INFO | Completed Request: GET /health Status=200 Time=0.267s
2026-08-01 16:09:37,993 | INFO | Incoming Request: GET /sentiment/health
2026-08-01 16:09:38,020 | INFO | Completed Request: GET /sentiment/health Status=200 Time=0.0269s
2026-08-01 16:10:16,736 | INFO | Incoming Request: POST /sentiment/predict-sentiment
2026-08-01 16:10:16,807 | INFO | Prediction request received | Student=101
2026-08-01 16:10:20,731 | INFO | Prediction completed | Sentiment=POSITIVE | Confidence=96.62
2026-08-01 16:10:20,736 | INFO | Completed Request: POST /sentiment/predict-sentiment Status=200 Time=3.9994s
2026-08-01 16:11:19,323 | INFO | Incoming Request: POST /sentiment/batch-predict
2026-08-01 16:11:19,481 | INFO | Prediction request received | Student=101
2026-08-01 16:11:24,021 | INFO | Prediction completed | Sentiment=NEGATIVE | Confidence=97.75
2026-08-01 16:11:24,031 | INFO | Completed Request: POST /sentiment/batch-predict Status=200 Time=4.7116s
2026-08-05 11:29:08,861 | INFO | Loading Toxicity Model...
2026-08-05 11:29:11,807 | INFO | HTTP Request: HEAD https://huggingface.co/models/toxicity/resolve/main/tokenizer_config.json "HTTP/1.1 401 Unauthorized"
2026-08-05 13:57:15,733 | INFO | Predicting toxicity for Student ID: 101
2026-08-05 13:57:17,779 | INFO | Toxicity prediction saved successfully for Student ID: 101
2026-08-05 13:57:17,781 | INFO | Toxicity prediction completed successfully.
2026-08-05 14:00:13,130 | INFO | Incoming Request: GET /docs
2026-08-05 14:00:13,139 | INFO | Completed Request: GET /docs Status=200 Time=0.011s
2026-08-05 14:00:14,477 | INFO | Incoming Request: GET /openapi.json
2026-08-05 14:00:14,786 | INFO | Completed Request: GET /openapi.json Status=200 Time=0.3092s
2026-08-05 14:00:38,452 | INFO | Incoming Request: GET /toxicity/
2026-08-05 14:00:38,671 | INFO | Completed Request: GET /toxicity/ Status=200 Time=0.219s
2026-08-05 14:00:48,369 | INFO | Incoming Request: GET /toxicity/health
2026-08-05 14:00:48,374 | INFO | Completed Request: GET /toxicity/health Status=200 Time=0.005s
2026-08-05 14:01:20,368 | INFO | Incoming Request: POST /toxicity/predict
2026-08-05 14:01:20,380 | INFO | Predicting toxicity for Student ID: 101
2026-08-05 14:01:21,639 | INFO | Toxicity prediction saved successfully for Student ID: 101
2026-08-05 14:01:21,639 | INFO | Toxicity prediction completed successfully.
2026-08-05 14:01:21,640 | INFO | Completed Request: POST /toxicity/predict Status=200 Time=1.2734s
2026-08-05 14:01:47,084 | INFO | Incoming Request: POST /toxicity/batch-predict
2026-08-05 14:01:47,092 | INFO | Predicting toxicity for Student ID: 101
2026-08-05 14:01:47,388 | INFO | Toxicity prediction saved successfully for Student ID: 101
2026-08-05 14:01:47,388 | INFO | Toxicity prediction completed successfully.
2026-08-05 14:01:47,389 | INFO | Completed Request: POST /toxicity/batch-predict Status=200 Time=0.3055s
2026-08-06 13:14:09,446 | INFO | Starting Fraud Prediction
2026-08-06 13:14:09,990 | INFO | Fraud prediction saved for Student ID: 101
2026-08-06 13:14:09,990 | INFO | Fraud Prediction Completed
2026-08-06 13:17:10,627 | INFO | Incoming Request: GET /docs
2026-08-06 13:17:10,681 | INFO | Completed Request: GET /docs Status=200 Time=0.06s
2026-08-06 13:17:12,394 | INFO | Incoming Request: GET /openapi.json
2026-08-06 13:17:13,121 | INFO | Completed Request: GET /openapi.json Status=200 Time=0.7264s
2026-08-06 13:19:24,128 | INFO | Incoming Request: POST /fraud/predict
2026-08-06 13:19:24,245 | INFO | Starting Fraud Prediction
2026-08-06 13:19:25,709 | INFO | Fraud prediction saved for Student ID: 1
2026-08-06 13:19:25,710 | INFO | Fraud Prediction Completed
2026-08-06 13:19:25,715 | INFO | Completed Request: POST /fraud/predict Status=200 Time=1.5917s
2026-08-06 14:10:32,325 | INFO | Fraud Prediction | Student=101
2026-08-06 14:10:33,377 | INFO | Fraud prediction saved for Student ID: 101
2026-08-06 14:10:33,377 | INFO | Fraud Prediction Completed
2026-08-06 14:12:39,772 | INFO | Incoming Request: GET /docs
2026-08-06 14:12:39,802 | INFO | Completed Request: GET /docs Status=200 Time=0.0459s
2026-08-06 14:12:44,687 | INFO | Incoming Request: GET /openapi.json
2026-08-06 14:12:45,496 | INFO | Completed Request: GET /openapi.json Status=200 Time=0.8093s
2026-08-06 14:12:57,151 | INFO | Incoming Request: GET /docs
2026-08-06 14:12:57,153 | INFO | Completed Request: GET /docs Status=200 Time=0.001s
2026-08-06 14:12:57,831 | INFO | Incoming Request: GET /openapi.json
2026-08-06 14:12:57,835 | INFO | Completed Request: GET /openapi.json Status=200 Time=0.004s
2026-08-06 14:14:41,403 | INFO | Incoming Request: POST /fraud/predict
2026-08-06 14:14:41,645 | INFO | Completed Request: POST /fraud/predict Status=422 Time=0.2433s
2026-08-06 14:14:56,269 | INFO | Incoming Request: POST /fraud/predict
2026-08-06 14:14:56,583 | INFO | Fraud Prediction | Student=1
2026-08-06 14:14:58,600 | INFO | Fraud prediction saved for Student ID: 1
2026-08-06 14:14:58,600 | INFO | Fraud Prediction Completed
2026-08-06 14:14:58,602 | INFO | Completed Request: POST /fraud/predict Status=200 Time=2.3338s
2026-08-06 14:21:31,751 | INFO | Incoming Request: GET /docs
2026-08-06 14:21:31,753 | INFO | Completed Request: GET /docs Status=200 Time=0.003s
2026-08-06 14:21:34,230 | INFO | Incoming Request: GET /openapi.json
2026-08-06 14:21:35,333 | INFO | Completed Request: GET /openapi.json Status=200 Time=1.099s
2026-08-06 14:22:53,727 | INFO | Incoming Request: POST /fraud/predict
2026-08-06 14:22:54,147 | INFO | Fraud Prediction | Student=10
2026-08-06 14:22:55,982 | INFO | Fraud prediction saved for Student ID: 10
2026-08-06 14:22:55,982 | INFO | Fraud Prediction Completed
2026-08-06 14:22:55,982 | INFO | Completed Request: POST /fraud/predict Status=200 Time=2.2602s
2026-08-07 18:00:46,169 | INFO | Loading courses...
2026-08-07 18:00:47,151 | INFO | Loading enrollments...
2026-08-07 18:00:50,501 | INFO | Loading students...
2026-08-07 18:00:50,703 | INFO | Content similarity matrix created successfully.
2026-08-07 18:00:51,864 | INFO | Collaborative filtering model trained successfully.
2026-08-07 18:02:15,159 | INFO | Incoming Request: GET /docs
2026-08-07 18:02:15,212 | INFO | Completed Request: GET /docs Status=200 Time=0.0578s
2026-08-07 18:02:16,633 | INFO | Incoming Request: GET /openapi.json
2026-08-07 18:02:17,233 | INFO | Completed Request: GET /openapi.json Status=200 Time=0.6004s
2026-08-07 18:02:31,038 | INFO | Incoming Request: GET /recommendation/
2026-08-07 18:02:31,269 | INFO | Completed Request: GET /recommendation/ Status=200 Time=0.2312s
2026-08-07 18:02:42,724 | INFO | Incoming Request: GET /recommendation/health
2026-08-07 18:02:42,729 | INFO | Completed Request: GET /recommendation/health Status=200 Time=0.006s
2026-08-07 18:07:24,827 | INFO | Incoming Request: GET /recommendation/recommend
2026-08-07 18:07:24,945 | INFO | Generating recommendations for Student 1
2026-08-07 18:07:25,683 | INFO | Completed Request: GET /recommendation/recommend Status=200 Time=0.8708s